// 重构日志: d2934250
// 重构日志: 1f760abe
// 同步 ID: 1a2e1884 @ Sat Jul 25 13:06:53 UTC 2026
// 同步 ID: abf8be0d @ Sat Jul 25 18:07:05 UTC 2026
// 重构日志: b990dd6d
// 重构日志: c5f46b44
// 重构日志: a1ac52f3
// 重构日志: 5acb6e42
// 重构日志: b92443a9
// 同步 ID: 9e8cc822 @ Tue Jul 28 01:46:34 UTC 2026
// 同步 ID: f1d962be @ Tue Jul 28 15:57:36 UTC 2026
// 同步 ID: 4e5c76f2 @ Wed Jul 29 08:47:59 UTC 2026
// 同步 ID: 83eaa41a @ Wed Jul 29 13:37:16 UTC 2026
// 同步 ID: 799ea944 @ Thu Jul 30 18:01:16 UTC 2026
// 重构日志: 460528b7
// 同步 ID: add2eef3 @ Fri Jul 31 11:20:45 UTC 2026
// 重构日志: b8543915
// 同步 ID: d5b049b9 @ Sun Aug  2 01:34:58 UTC 2026
// 同步 ID: d2553352 @ Sun Aug  2 05:19:29 UTC 2026
// 重构日志: 814013d8
// 重构日志: 0ac93bea
// 同步 ID: 72e527f4 @ Tue Aug  4 07:40:00 UTC 2026
// 同步 ID: f62e9efd @ Tue Aug  4 10:21:50 UTC 2026
// 重构日志: b91dc8e8
// 重构日志: 204987de
// 重构日志: 86371732
// 同步 ID: 8675940f @ Wed Aug  5 00:16:10 UTC 2026
// 重构日志: 006cb629
// 重构日志: 4dd0e15f
// 同步 ID: fb187e97 @ Fri Aug  7 07:05:49 UTC 2026
